// Jest Snapshot v1, https://goo.gl/fbAQLP

exports[`renders a snapshot 1`] = `
<div
  className="card"
>
  <div
    className="card"
    style={
      Object {
        "width": "18rem",
      }
    }
  >
    <img
      className="card-img-top"
      src="https://images.unsplash.com/photo-1577471488278-16eec37ffcc2?q=80&w=1974&auto=format&fit=crop&ixlib=rb-4.0.3&ixid=M3wxMjA3fDB8MHxwaG90by1wYWdlfHx8fGVufDB8fHx8fA%3D%3D"
      width="200px"
    />
    <div
      className="card-body"
    >
      <div
        className="card-title h5"
      >
        J Yang
      </div>
      <p
        className="card-text"
      >
        I enjoy basketball and working outt
      </p>
    </div>
  </div>
</div>
`;
